bayes b90 {'greedy_expected': 0.7271252903525476, 'greedy_empirical': 0.7271373228346457, 'sampling_expected': 0.623794234018243, 'loss_floor_nats': 0.5609428235657125, 'n_sequences': 50000}
2026-09-14 03:43:28,206	WARNING rl_module.py:463 -- DeprecationWarning: `RLModule(config=[RLModuleConfig object])` has been deprecated. Use `RLModule(observation_space=.., action_space=.., inference_only=.., model_config=.., catalog_class=..)` instead. This will raise an error in the future!
rl_b90 init R2=0.766817 1-R2=2.332e-01 acc=0.5324
rl_b90 iter 1 R2=0.770085 1-R2=2.299e-01 acc=0.7083
rl_b90 iter 2 R2=0.778607 1-R2=2.214e-01 acc=0.7161
rl_b90 iter 4 R2=0.897231 1-R2=1.028e-01 acc=0.7241
rl_b90 iter 8 R2=0.932583 1-R2=6.742e-02 acc=0.7241
rl_b90 iter 16 R2=0.957141 1-R2=4.286e-02 acc=0.7240
rl_b90 iter 32 R2=0.972612 1-R2=2.739e-02 acc=0.7241
rl_b90 iter 56 (final) R2=0.971695 1-R2=2.830e-02 acc=0.7246
bayes b10 {'greedy_expected': 0.6377914857556886, 'greedy_empirical': 0.6379823622047244, 'sampling_expected': 0.5538318233727235, 'loss_floor_nats': 0.6371297355606721, 'n_sequences': 50000}
supervised_b10 0 R2=0.434860 1-R2=5.651e-01 acc=0.5964
supervised_b10 1 R2=0.434661 1-R2=5.653e-01 acc=0.5000
supervised_b10 3 R2=0.444603 1-R2=5.554e-01 acc=0.5000
supervised_b10 10 R2=0.453577 1-R2=5.464e-01 acc=0.6375
supervised_b10 30 R2=0.456787 1-R2=5.432e-01 acc=0.6373
supervised_b10 100 R2=0.589060 1-R2=4.109e-01 acc=0.6373
supervised_b10 300 R2=0.931771 1-R2=6.823e-02 acc=0.6373
supervised_b10 1000 R2=0.976577 1-R2=2.342e-02 acc=0.6375
supervised_b10 3000 R2=0.986088 1-R2=1.391e-02 acc=0.6374
supervised_b10 10000 R2=0.991645 1-R2=8.355e-03 acc=0.6372
rl_b10 init R2=0.435355 1-R2=5.646e-01 acc=0.5190
rl_b10 iter 1 R2=0.431070 1-R2=5.689e-01 acc=0.6261
rl_b10 iter 2 R2=0.431262 1-R2=5.687e-01 acc=0.6319
rl_b10 iter 4 R2=0.445151 1-R2=5.548e-01 acc=0.6375
rl_b10 iter 8 R2=0.556211 1-R2=4.438e-01 acc=0.6375
rl_b10 iter 16 R2=0.811894 1-R2=1.881e-01 acc=0.6375
rl_b10 iter 32 R2=0.915965 1-R2=8.403e-02 acc=0.6375
rl_b10 iter 56 (final) R2=0.940937 1-R2=5.906e-02 acc=0.6375
